Sum of 1000000000000000000000000
and 12345
is 2000000000000000000012345
