corrupted size vs. prev_size
tests/9.sh: line 1: 26504 Aborted                 ./add 123123123123123123123123123123123123123 987987987987987987987987987987987987987
